
============================================================
测试报告
============================================================

总测试数: 5
通过: 5
失败: 0
通过率: 100.0%

============================================================
详细结果
============================================================

1. 测试1: Redis缓存相关 - [PASS]
   输入: Redis 缓存穿透、缓存击穿、缓存雪崩、布隆过滤器、分布式锁...
   任务ID: 56
   总耗时: 136.23s
   主题数: 5
   资源数: 72
   练习任务数: 3
   学习路径: 有
   空字段: 无

2. 测试2: Spring事务 - [PASS]
   输入: Spring 事务传播机制 REQUIRED、REQUIRES_NEW、NESTED...
   任务ID: 57
   总耗时: 93.90s
   主题数: 3
   资源数: 33
   练习任务数: 6
   学习路径: 有
   空字段: 无

3. 测试3: MySQL优化 - [PASS]
   输入: MySQL 索引失效、最左前缀、Explain、慢 SQL 优化...
   任务ID: 58
   总耗时: 93.97s
   主题数: 4
   资源数: 59
   练习任务数: 5
   学习路径: 有
   空字段: 无

4. 测试4: Docker - [PASS]
   输入: Docker 镜像构建、Dockerfile 优化、容器网络、docker-compose...
   任务ID: 59
   总耗时: 94.18s
   主题数: 4
   资源数: 75
   练习任务数: 6
   学习路径: 有
   空字段: 无

5. 测试5: 后端基础 - [PASS]
   输入: 后端缓存、数据库和框架源码都不太懂...
   任务ID: 60
   总耗时: 79.77s
   主题数: 3
   资源数: 52
   练习任务数: 7
   学习路径: 有
   空字段: 无
